[24Apr2025 21:29:44.425] [main/INFO] [cpw.mods.modlauncher.Launcher/MODLAUNCHER]: ModLauncher running: args [--launchTarget, forgeclientuserdev, --version, 21.0.83-beta, --assetIndex, asset-index, --assetsDir, /Users/zboland/.gradle/caches/minecraft/assets/1.21, --gameDir, ., --fml.neoForgeVersion, 21.0.83-beta, --fml.fmlVersion, 4.0.18, --fml.mcVersion, 1.21, --fml.neoFormVersion, 20240613.152323]
[24Apr2025 21:29:44.426] [main/INFO] [cpw.mods.modlauncher.Launcher/MODLAUNCHER]: JVM identified as Eclipse Adoptium OpenJDK 64-Bit Server VM 21.0.6+7-LTS
[24Apr2025 21:29:44.426] [main/INFO] [cpw.mods.modlauncher.Launcher/MODLAUNCHER]: ModLauncher 11.0.4+main.d2e20e43 starting: java version 21.0.6 by Eclipse Adoptium; OS Mac OS X arch aarch64 version 15.3.2
[24Apr2025 21:29:44.457] [main/WARN] [net.neoforged.fml.loading.FMLConfig/CORE]: Configuration file /Users/zboland/Documents/GitHub/TowersOfTheWildModded/runs/client/config/fml.toml is not correct. Correcting
[24Apr2025 21:29:44.457] [main/INFO] [net.neoforged.fml.loading.FMLConfig/CORE]: Incorrect key [disableConfigWatcher] was corrected from null to false
[24Apr2025 21:29:44.458] [main/INFO] [net.neoforged.fml.loading.FMLConfig/CORE]: Incorrect key [earlyWindowSkipGLVersions] was corrected from null to []
[24Apr2025 21:29:44.458] [main/INFO] [net.neoforged.fml.loading.FMLConfig/CORE]: Incorrect key [earlyWindowSquir] was corrected from null to false
[24Apr2025 21:29:44.466] [main/INFO] [net.neoforged.fml.loading.ImmediateWindowHandler/]: Loading ImmediateWindowProvider fmlearlywindow
[24Apr2025 21:29:44.910] [main/INFO] [EARLYDISPLAY/]: Trying GL version 4.6
[24Apr2025 21:29:44.967] [main/INFO] [EARLYDISPLAY/]: Trying GL version 4.5
[24Apr2025 21:29:44.972] [main/INFO] [EARLYDISPLAY/]: Trying GL version 4.4
[24Apr2025 21:29:44.979] [main/INFO] [EARLYDISPLAY/]: Trying GL version 4.3
[24Apr2025 21:29:44.983] [main/INFO] [EARLYDISPLAY/]: Trying GL version 4.2
[24Apr2025 21:29:44.990] [main/INFO] [EARLYDISPLAY/]: Trying GL version 4.1
[24Apr2025 21:29:45.005] [main/INFO] [EARLYDISPLAY/]: Requested GL version 4.1 got version 4.1
[24Apr2025 21:29:45.190] [main/INFO] [mixin/]: SpongePowered MIXIN Subsystem Version=0.8.6 Source=union:/Users/zboland/.gradle/caches/modules-2/files-2.1/net.fabricmc/sponge-mixin/0.14.0+mixin.0.8.6/c265173c84346e9e5d42a2384b2b02bd39a4a899/sponge-mixin-0.14.0+mixin.0.8.6.jar%23127!/ Service=ModLauncher Env=CLIENT
[24Apr2025 21:29:45.334] [main/INFO] [net.neoforged.fml.loading.moddiscovery.ModDiscoverer/SCAN]: Found mod file "neoforge-21.0.83-beta.jar" [locator: neoforge devenv provider ([/Users/zboland/Documents/GitHub/TowersOfTheWildModded/.gradle/repositories/ng_dummy_ng/net/neoforged/neoforge/21.0.83-beta/neoforge-21.0.83-beta.jar])]
[24Apr2025 21:29:45.342] [main/INFO] [net.neoforged.fml.loading.moddiscovery.ModDiscoverer/SCAN]: Found mod file "neoforge-21.0.83-beta.jar" [locator: neoforge devenv provider ([/Users/zboland/Documents/GitHub/TowersOfTheWildModded/.gradle/repositories/ng_dummy_ng/net/neoforged/neoforge/21.0.83-beta/neoforge-21.0.83-beta.jar])]
[24Apr2025 21:29:45.346] [main/INFO] [net.neoforged.fml.loading.moddiscovery.ModDiscoverer/SCAN]: Found mod file "main" [locator: userdev mods and services, reader: mod manifest]
[24Apr2025 21:29:45.350] [main/INFO] [net.neoforged.fml.loading.moddiscovery.ModDiscoverer/SCAN]: Found mod file "neoforge-21.0.83-beta.jar" [locator: userdev mods and services, reader: mod manifest]
[24Apr2025 21:29:45.355] [main/INFO] [net.neoforged.fml.loading.moddiscovery.ModDiscoverer/SCAN]: Found gamelibrary file "mixinextras-neoforge-0.3.5.jar" [locator: userdev mods and services, reader: mod manifest]
[24Apr2025 21:29:45.401] [main/WARN] [net.neoforged.jarjar.selection.JarSelector/]: Attempted to select a dependency jar for JarJar which was passed in as source: mixinextras-neoforge-0.3.5.jar. Using Mod File: /Users/zboland/.gradle/caches/modules-2/files-2.1/io.github.llamalad7/mixinextras-neoforge/0.3.5/ef3ffcf309dae656517b2f120189b1c9b21737dd/mixinextras-neoforge-0.3.5.jar
[24Apr2025 21:29:45.401] [main/INFO] [net.neoforged.fml.loading.moddiscovery.locators.JarInJarDependencyLocator/]: No dependencies to load found. Skipping!
[24Apr2025 21:29:45.412] [pool-2-thread-1/INFO] [EARLYDISPLAY/]: GL info: Apple M4 GL version 4.1 Metal - 89.3, Apple
[24Apr2025 21:29:45.460] [main/INFO] [net.neoforged.fml.loading.FMLServiceProvider/CORE]: Loading coremod script-engine for [neoforge]
[24Apr2025 21:29:45.691] [main/INFO] [cpw.mods.modlauncher.LaunchServiceHandler/MODLAUNCHER]: Launching target 'forgeclientuserdev' with arguments [--version, 21.0.83-beta, --gameDir, ., --assetsDir, /Users/zboland/.gradle/caches/minecraft/assets/1.21, --assetIndex, asset-index]
[24Apr2025 21:29:46.193] [Datafixer Bootstrap/INFO] [com.mojang.datafixers.DataFixerBuilder/]: 229 Datafixer optimizations took 95 milliseconds
[24Apr2025 21:29:46.534] [pool-7-thread-1/INFO] [MixinExtras|Service/]: Initializing MixinExtras via com.llamalad7.mixinextras.service.MixinExtrasServiceImpl(version=0.3.5).
[24Apr2025 21:29:48.409] [main/WARN] [net.minecraft.commands.Commands/]: Ambiguity between arguments [teleport, location] and [teleport, destination] with inputs: [0.1 -0.5 .9, 0 0 0]
[24Apr2025 21:29:48.410] [main/WARN] [net.minecraft.commands.Commands/]: Ambiguity between arguments [teleport, location] and [teleport, targets] with inputs: [0.1 -0.5 .9, 0 0 0]
[24Apr2025 21:29:48.410] [main/WARN] [net.minecraft.commands.Commands/]: Ambiguity between arguments [teleport, destination] and [teleport, targets] with inputs: [Player, 0123, @e, dd12be42-52a9-4a91-a8a1-11c01849e498]
[24Apr2025 21:29:48.411] [main/WARN] [net.minecraft.commands.Commands/]: Ambiguity between arguments [teleport, targets] and [teleport, destination] with inputs: [Player, 0123, dd12be42-52a9-4a91-a8a1-11c01849e498]
[24Apr2025 21:29:48.411] [main/WARN] [net.minecraft.commands.Commands/]: Ambiguity between arguments [teleport, targets, location] and [teleport, targets, destination] with inputs: [0.1 -0.5 .9, 0 0 0]
[24Apr2025 21:29:48.455] [Render thread/WARN] [net.minecraft.server.packs.VanillaPackResourcesBuilder/]: Assets URL 'union:/Users/zboland/Documents/GitHub/TowersOfTheWildModded/.gradle/repositories/ng_dummy_ng/net/neoforged/neoforge/21.0.83-beta/neoforge-21.0.83-beta.jar%23182!/assets/.mcassetsroot' uses unexpected schema
[24Apr2025 21:29:48.455] [Render thread/WARN] [net.minecraft.server.packs.VanillaPackResourcesBuilder/]: Assets URL 'union:/Users/zboland/Documents/GitHub/TowersOfTheWildModded/.gradle/repositories/ng_dummy_ng/net/neoforged/neoforge/21.0.83-beta/neoforge-21.0.83-beta.jar%23182!/data/.mcassetsroot' uses unexpected schema
[24Apr2025 21:29:48.462] [Render thread/INFO] [com.mojang.authlib.yggdrasil.YggdrasilAuthenticationService/]: Environment: Environment[sessionHost=https://sessionserver.mojang.com, servicesHost=https://api.minecraftservices.com, name=PROD]
[24Apr2025 21:29:48.465] [Render thread/INFO] [net.minecraft.client.Minecraft/]: Setting user: Dev
[24Apr2025 21:29:48.489] [Render thread/INFO] [net.minecraft.client.Minecraft/]: Backend library: LWJGL version 3.3.3+5
[24Apr2025 21:29:48.705] [modloading-worker-0/INFO] [net.neoforged.neoforge.common.NeoForgeMod/NEOFORGE-MOD]: NeoForge mod loading, version 21.0.83-beta, for MC 1.21
[24Apr2025 21:29:49.138] [Render thread/INFO] [net.neoforged.neoforge.gametest.GameTestHooks/]: Enabled Gametest Namespaces: []
[24Apr2025 21:29:49.261] [Render thread/INFO] [net.minecraft.server.packs.resources.ReloadableResourceManager/]: Reloading ResourceManager: vanilla, mod_resources, mod/totw_modded, mod/neoforge
[24Apr2025 21:29:49.348] [Worker-Main-9/INFO] [net.minecraft.client.gui.font.providers.UnihexProvider/]: Found unifont_all_no_pua-15.1.05.hex, loading
[24Apr2025 21:29:49.446] [Worker-Main-3/INFO] [net.minecraft.client.gui.font.providers.UnihexProvider/]: Found unifont_jp_patch-15.1.05.hex, loading
[24Apr2025 21:29:50.442] [Render thread/WARN] [net.minecraft.client.sounds.SoundEngine/]: Missing sound for event: minecraft:item.goat_horn.play
[24Apr2025 21:29:50.443] [Render thread/WARN] [net.minecraft.client.sounds.SoundEngine/]: Missing sound for event: minecraft:entity.goat.screaming.horn_break
[24Apr2025 21:29:50.513] [Render thread/INFO] [com.mojang.blaze3d.audio.Library/]: OpenAL initialized on device Mac mini Speakers
[24Apr2025 21:29:50.515] [Render thread/INFO] [net.minecraft.client.sounds.SoundEngine/SOUNDS]: Sound engine started
[24Apr2025 21:29:50.567] [Render thread/INFO] [net.minecraft.client.renderer.texture.TextureAtlas/]: Created: 1024x512x4 minecraft:textures/atlas/blocks.png-atlas
[24Apr2025 21:29:50.574] [Render thread/INFO] [net.minecraft.client.renderer.texture.TextureAtlas/]: Created: 256x256x4 minecraft:textures/atlas/signs.png-atlas
[24Apr2025 21:29:50.575] [Render thread/INFO] [net.minecraft.client.renderer.texture.TextureAtlas/]: Created: 512x512x4 minecraft:textures/atlas/shield_patterns.png-atlas
[24Apr2025 21:29:50.575] [Render thread/INFO] [net.minecraft.client.renderer.texture.TextureAtlas/]: Created: 512x512x4 minecraft:textures/atlas/banner_patterns.png-atlas
[24Apr2025 21:29:50.575] [Render thread/INFO] [net.minecraft.client.renderer.texture.TextureAtlas/]: Created: 1024x1024x4 minecraft:textures/atlas/armor_trims.png-atlas
[24Apr2025 21:29:50.578] [Render thread/INFO] [net.minecraft.client.renderer.texture.TextureAtlas/]: Created: 128x64x4 minecraft:textures/atlas/decorated_pot.png-atlas
[24Apr2025 21:29:50.578] [Render thread/INFO] [net.minecraft.client.renderer.texture.TextureAtlas/]: Created: 256x256x4 minecraft:textures/atlas/chest.png-atlas
[24Apr2025 21:29:50.579] [Render thread/INFO] [net.minecraft.client.renderer.texture.TextureAtlas/]: Created: 512x256x4 minecraft:textures/atlas/shulker_boxes.png-atlas
[24Apr2025 21:29:50.579] [Render thread/INFO] [net.minecraft.client.renderer.texture.TextureAtlas/]: Created: 512x256x4 minecraft:textures/atlas/beds.png-atlas
[24Apr2025 21:29:50.631] [Render thread/INFO] [net.minecraft.client.renderer.texture.TextureAtlas/]: Created: 512x256x0 minecraft:textures/atlas/particles.png-atlas
[24Apr2025 21:29:50.632] [Render thread/INFO] [net.minecraft.client.renderer.texture.TextureAtlas/]: Created: 512x256x0 minecraft:textures/atlas/paintings.png-atlas
[24Apr2025 21:29:50.632] [Render thread/INFO] [net.minecraft.client.renderer.texture.TextureAtlas/]: Created: 256x128x0 minecraft:textures/atlas/mob_effects.png-atlas
[24Apr2025 21:29:50.633] [Render thread/INFO] [net.minecraft.client.renderer.texture.TextureAtlas/]: Created: 64x64x0 minecraft:textures/atlas/map_decorations.png-atlas
[24Apr2025 21:29:50.633] [Render thread/INFO] [net.minecraft.client.renderer.texture.TextureAtlas/]: Created: 1024x512x0 minecraft:textures/atlas/gui.png-atlas
[24Apr2025 21:29:50.656] [Render thread/WARN] [net.minecraft.client.renderer.ShaderInstance/]: Shader rendertype_entity_translucent_emissive could not find sampler named Sampler2 in the specified shader program.
[24Apr2025 21:30:10.244] [Worker-Main-1/ERROR] [net.minecraft.tags.TagLoader/]: Couldn't load tag totw_modded:has_structure/ratlantis_tower as it is missing following references: 
	rats:ratlantis (from mod/totw_modded)
[24Apr2025 21:30:10.245] [Worker-Main-1/ERROR] [net.minecraft.tags.TagLoader/]: Couldn't load tag totw_modded:has_structure/tw_canopy_tower as it is missing following references: 
	twilightforest:forest (from mod/totw_modded)
	twilightforest:spooky_forest (from mod/totw_modded)
	twilightforest:mushroom_forest (from mod/totw_modded)
[24Apr2025 21:30:10.245] [Worker-Main-1/ERROR] [net.minecraft.tags.TagLoader/]: Couldn't load tag totw_modded:has_structure/aether_tower as it is missing following references: 
	#aether:is_aether (from mod/totw_modded)
[24Apr2025 21:30:10.245] [Worker-Main-1/ERROR] [net.minecraft.tags.TagLoader/]: Couldn't load tag totw_modded:has_structure/everbright_tower as it is missing following references: 
	blue_skies:calming_skies (from mod/totw_modded)
	blue_skies:brightlands (from mod/totw_modded)
	blue_skies:slushlands (from mod/totw_modded)
	blue_skies:frostbitten_forest (from mod/totw_modded)
	blue_skies:frostbitten_forest_clearing (from mod/totw_modded)
	blue_skies:snow_covered_pines (from mod/totw_modded)
	blue_skies:brisk_meadow (from mod/totw_modded)
	blue_skies:polar_highland (from mod/totw_modded)
[24Apr2025 21:30:10.245] [Worker-Main-1/ERROR] [net.minecraft.tags.TagLoader/]: Couldn't load tag totw_modded:has_structure/moon_tower as it is missing following references: 
	ad_astra:lunar_wastelands (from mod/totw_modded)
[24Apr2025 21:30:10.245] [Worker-Main-1/ERROR] [net.minecraft.tags.TagLoader/]: Couldn't load tag totw_modded:has_structure/mars_tower as it is missing following references: 
	ad_astra:martian_canyon_creek (from mod/totw_modded)
	ad_astra:martian_wastelands (from mod/totw_modded)
[24Apr2025 21:30:10.245] [Worker-Main-1/ERROR] [net.minecraft.tags.TagLoader/]: Couldn't load tag totw_modded:has_structure/tw_mangrove_tower as it is missing following references: 
	twilightforest:swamp (from mod/totw_modded)
	twilightforest:fire_swamp (from mod/totw_modded)
[24Apr2025 21:30:10.245] [Worker-Main-1/ERROR] [net.minecraft.tags.TagLoader/]: Couldn't load tag totw_modded:has_structure/desert_tower as it is missing following references: 
	#minecraft:is_desert (from mod/totw_modded)
[24Apr2025 21:30:10.245] [Worker-Main-1/ERROR] [net.minecraft.tags.TagLoader/]: Couldn't load tag totw_modded:has_structure/venus_tower as it is missing following references: 
	ad_astra:infernal_venus_barrens (from mod/totw_modded)
[24Apr2025 21:30:10.245] [Worker-Main-1/ERROR] [net.minecraft.tags.TagLoader/]: Couldn't load tag totw_modded:has_structure/everdawn_tower as it is missing following references: 
	blue_skies:unorthodox_valley (from mod/totw_modded)
	blue_skies:shaded_woodlands (from mod/totw_modded)
	blue_skies:crystal_dunes (from mod/totw_modded)
	blue_skies:crystal_dunes_spikes (from mod/totw_modded)
	blue_skies:sunset_maple_forest (from mod/totw_modded)
	blue_skies:rising_creek (from mod/totw_modded)
	blue_skies:crystal_roughs (from mod/totw_modded)
	blue_skies:searing_grassland (from mod/totw_modded)
	blue_skies:crescent_orchard (from mod/totw_modded)
[24Apr2025 21:30:10.245] [Worker-Main-1/ERROR] [net.minecraft.tags.TagLoader/]: Couldn't load tag totw_modded:has_structure/glacio_tower as it is missing following references: 
	ad_astra:glacio_snowy_barrens (from mod/totw_modded)
	ad_astra:glacio_ice_peaks (from mod/totw_modded)
[24Apr2025 21:30:10.245] [Worker-Main-1/ERROR] [net.minecraft.tags.TagLoader/]: Couldn't load tag totw_modded:has_structure/mercury_tower as it is missing following references: 
	ad_astra:mercury_deltas (from mod/totw_modded)
[24Apr2025 21:30:10.295] [Render thread/INFO] [net.minecraft.world.item.crafting.RecipeManager/]: Loaded 1290 recipes
[24Apr2025 21:30:10.373] [Render thread/INFO] [net.minecraft.advancements.AdvancementTree/]: Loaded 1405 advancements
[24Apr2025 21:30:10.376] [Render thread/WARN] [net.minecraft.core.MappedRegistry/]: Not all defined tags for registry ResourceKey[minecraft:root / minecraft:worldgen/biome] are present in data pack: totw_modded:has_structure/aether_tower, totw_modded:has_structure/desert_tower, totw_modded:has_structure/everbright_tower, totw_modded:has_structure/everdawn_tower, totw_modded:has_structure/glacio_tower, totw_modded:has_structure/mars_tower, totw_modded:has_structure/mercury_tower, totw_modded:has_structure/moon_tower, totw_modded:has_structure/ratlantis_tower, totw_modded:has_structure/tw_canopy_tower, totw_modded:has_structure/tw_mangrove_tower, totw_modded:has_structure/venus_tower
[24Apr2025 21:30:13.682] [Server thread/INFO] [net.minecraft.client.server.IntegratedServer/]: Starting integrated minecraft server version 1.21
[24Apr2025 21:30:13.682] [Server thread/INFO] [net.minecraft.server.MinecraftServer/]: Generating keypair
[24Apr2025 21:30:15.706] [Server thread/INFO] [net.minecraft.server.MinecraftServer/]: Preparing start region for dimension minecraft:overworld
[24Apr2025 21:30:15.727] [progressListener/INFO] [net.minecraft.server.level.progress.LoggerChunkProgressListener/]: Preparing spawn area: 2%
[24Apr2025 21:30:16.214] [progressListener/INFO] [net.minecraft.server.level.progress.LoggerChunkProgressListener/]: Preparing spawn area: 2%
[24Apr2025 21:30:17.152] [progressListener/INFO] [net.minecraft.server.level.progress.LoggerChunkProgressListener/]: Preparing spawn area: 51%
[24Apr2025 21:30:17.222] [progressListener/INFO] [net.minecraft.server.level.progress.LoggerChunkProgressListener/]: Preparing spawn area: 51%
[24Apr2025 21:30:17.509] [Server thread/INFO] [net.neoforged.neoforge.server.permission.PermissionAPI/]: Successfully initialized permission handler neoforge:default_handler
[24Apr2025 21:30:17.520] [Server thread/INFO] [net.minecraft.client.server.IntegratedServer/]: Changing view distance to 12, from 10
[24Apr2025 21:30:17.520] [Server thread/INFO] [net.minecraft.client.server.IntegratedServer/]: Changing simulation distance to 12, from 0
[24Apr2025 21:30:17.522] [progressListener/INFO] [net.minecraft.server.level.progress.LoggerChunkProgressListener/]: Time elapsed: 1813 ms
[24Apr2025 21:30:17.852] [Server thread/INFO] [net.minecraft.server.players.PlayerList/]: Dev[local:E:bffa1568] logged in with entity id 41 at (9.5, 75.0, -1.5)
[24Apr2025 21:30:17.874] [Server thread/INFO] [net.minecraft.server.MinecraftServer/]: Dev joined the game
[24Apr2025 21:30:17.923] [Render thread/INFO] [net.minecraft.advancements.AdvancementTree/]: Loaded 2 advancements
[24Apr2025 21:30:18.866] [Render thread/INFO] [net.minecraft.advancements.AdvancementTree/]: Loaded 8 advancements
[24Apr2025 21:30:21.262] [Server thread/INFO] [net.minecraft.client.server.IntegratedServer/]: Saving and pausing game...
[24Apr2025 21:30:21.271] [Server thread/INFO] [net.minecraft.server.MinecraftServer/]: Saving chunks for level 'ServerLevel[New World]'/minecraft:overworld
[24Apr2025 21:30:21.310] [Server thread/INFO] [net.minecraft.server.MinecraftServer/]: Saving chunks for level 'ServerLevel[New World]'/minecraft:the_nether
[24Apr2025 21:30:21.310] [Server thread/INFO] [net.minecraft.server.MinecraftServer/]: Saving chunks for level 'ServerLevel[New World]'/minecraft:the_end
[24Apr2025 21:30:22.319] [Server thread/INFO] [net.minecraft.server.network.ServerGamePacketListenerImpl/]: Dev lost connection: Disconnected
[24Apr2025 21:30:22.319] [Server thread/INFO] [net.minecraft.server.MinecraftServer/]: Dev left the game
[24Apr2025 21:30:22.322] [Server thread/INFO] [net.minecraft.server.network.ServerCommonPacketListenerImpl/]: Stopping singleplayer server as player logged out
[24Apr2025 21:30:22.359] [Server thread/INFO] [net.minecraft.server.MinecraftServer/]: Stopping server
[24Apr2025 21:30:22.360] [Server thread/INFO] [net.minecraft.server.MinecraftServer/]: Saving players
[24Apr2025 21:30:22.360] [Server thread/INFO] [net.minecraft.server.MinecraftServer/]: Saving worlds
[24Apr2025 21:30:23.148] [Server thread/INFO] [net.minecraft.server.MinecraftServer/]: Saving chunks for level 'ServerLevel[New World]'/minecraft:overworld
[24Apr2025 21:30:23.195] [Server thread/INFO] [net.minecraft.server.MinecraftServer/]: Saving chunks for level 'ServerLevel[New World]'/minecraft:the_nether
[24Apr2025 21:30:23.196] [Server thread/INFO] [net.minecraft.server.MinecraftServer/]: Saving chunks for level 'ServerLevel[New World]'/minecraft:the_end
[24Apr2025 21:30:23.197] [Server thread/INFO] [net.minecraft.server.MinecraftServer/]: ThreadedAnvilChunkStorage (New World): All chunks are saved
[24Apr2025 21:30:23.197] [Server thread/INFO] [net.minecraft.server.MinecraftServer/]: ThreadedAnvilChunkStorage (DIM-1): All chunks are saved
[24Apr2025 21:30:23.197] [Server thread/INFO] [net.minecraft.server.MinecraftServer/]: ThreadedAnvilChunkStorage (DIM1): All chunks are saved
[24Apr2025 21:30:23.198] [Server thread/INFO] [net.minecraft.server.MinecraftServer/]: ThreadedAnvilChunkStorage: All dimensions are saved
[24Apr2025 21:30:26.573] [Render thread/INFO] [net.minecraft.client.Minecraft/]: Stopping!
